Ben@DESKTOP-PSNOM1H MINGW64 ~
$ git --version
git version 2.30.0.windows.2

Ben@DESKTOP-PSNOM1H MINGW64 ~
$ git config --global user.name "cu-benjamin"

Ben@DESKTOP-PSNOM1H MINGW64 ~
$ git config --global user.name
cu-benjamin

Ben@DESKTOP-PSNOM1H MINGW64 ~
$ git config --global user.email "benjamin.cunningham-3@colorado.edu"

Ben@DESKTOP-PSNOM1H MINGW64 ~
$ git config --global user.email
benjamin.cunningham-3@colorado.edu

Ben@DESKTOP-PSNOM1H MINGW64 ~
$ git clone https://github.com/CSCI-3308-CU-Boulder/BenjaminCunningham_021_Labs.git
Cloning into 'BenjaminCunningham_021_Labs'...
remote: Enumerating objects: 3, done.
remote: Counting objects: 100% (3/3), done.
remote: Total 3 (delta 0), reused 0 (delta 0), pack-reused 0
Receiving objects: 100% (3/3), done.

Ben@DESKTOP-PSNOM1H MINGW64 ~
$ cd ^C

Ben@DESKTOP-PSNOM1H MINGW64 ~
$ cd CSCI-3308-CU-Boulder/BenjaminCunningham_021_Labs
bash: cd: CSCI-3308-CU-Boulder/BenjaminCunningham_021_Labs: No such file or directory

Ben@DESKTOP-PSNOM1H MINGW64 ~
$ cd BenjaminCunningham_021_Labs

Ben@DESKTOP-PSNOM1H MINGW64 ~/BenjaminCunningham_021_Labs (main)
$ git clone https://github.com/cu-benjamin/CSCI-3308-CU-Boulder/BenjaminCunningham_021_Labs.git
Cloning into 'BenjaminCunningham_021_Labs'...
remote: Not Found
fatal: repository 'https://github.com/cu-benjamin/CSCI-3308-CU-Boulder/BenjaminCunningham_021_Labs.git/' not found

Ben@DESKTOP-PSNOM1H MINGW64 ~/BenjaminCunningham_021_Labs (main)
$ vi test.txt

Ben@DESKTOP-PSNOM1H MINGW64 ~/BenjaminCunningham_021_Labs (main)
$ git add .
warning: LF will be replaced by CRLF in test.txt.
The file will have its original line endings in your working directory

Ben@DESKTOP-PSNOM1H MINGW64 ~/BenjaminCunningham_021_Labs (main)
$ git commit -m "Commit message goes here"
[main f93409e] Commit message goes here
 1 file changed, 1 insertion(+)
 create mode 100644 test.txt

Ben@DESKTOP-PSNOM1H MINGW64 ~/BenjaminCunningham_021_Labs (main)
$ git push
Enumerating objects: 4, done.
Counting objects: 100% (4/4), done.
Delta compression using up to 6 threads
Compressing objects: 100% (2/2), done.
Writing objects: 100% (3/3), 322 bytes | 322.00 KiB/s, done.
Total 3 (delta 0), reused 0 (delta 0), pack-reused 0
To https://github.com/CSCI-3308-CU-Boulder/BenjaminCunningham_021_Labs.git
   3f13e5b..f93409e  main -> main

Ben@DESKTOP-PSNOM1H MINGW64 ~/BenjaminCunningham_021_Labs (main)
$
